# V2Ray — v2ray · text/plain; charset=utf-8 · .txt
# 15 protocols · 50 examples · regenerate: pnpm test:unit -u
# Writes a Base64-encoded list of protocol URIs, not a V2Ray JSON configuration.

━━ anytls 1/1 ━━━━━━━━━━━━━━━━━━━━━━━━━━━━━━━━━━━━━━━━━━━━━━
· anytls:uri
YW55dGxzOi8vcGFzc3dvcmRAZXhhbXBsZS5jb206NDQzP3NuaT1leGFtcGxlLmNvbSNBbnlUTFM=

━━ http 1/1 ━━━━━━━━━━━━━━━━━━━━━━━━━━━━━━━━━━━━━━━━━━━━━━━━
· http:uri
aHR0cDovL3VzZXI6cGFzc0BleGFtcGxlLmNvbTo4MDgwI0hUVFA=

━━ hysteria 1/1 ━━━━━━━━━━━━━━━━━━━━━━━━━━━━━━━━━━━━━━━━━━━━
· hysteria:v1
aHlzdGVyaWE6Ly9leGFtcGxlLmNvbTo0NDM/cHJvdG9jb2w9dWRwJmF1dGg9c2VjcmV0JnBlZXI9ZXhhbXBsZS5jb20mdXBtYnBzPTIwJmRvd25tYnBzPTEwMCZhbHBuPWgzJnVkcD10cnVlI0h5c3Rlcmlh

━━ hysteria2 1/1 ━━━━━━━━━━━━━━━━━━━━━━━━━━━━━━━━━━━━━━━━━━━
· hysteria2:uri
aHlzdGVyaWEyOi8vaHkyLWF1dGhAZXhhbXBsZS5jb206NDQzP3NuaT1leGFtcGxlLmNvbSNIeXN0ZXJpYTI=

━━ mieru — not carried ━━━━━━━━━━━━━━━━━━━━━━━━━━━━━━━━━━━━━

━━ snell — not carried ━━━━━━━━━━━━━━━━━━━━━━━━━━━━━━━━━━━━━

━━ socks5 1/1 ━━━━━━━━━━━━━━━━━━━━━━━━━━━━━━━━━━━━━━━━━━━━━━
· socks5:uri
c29ja3M6Ly9kWE5sY2pwd1lYTnpAZXhhbXBsZS5jb206MTA4MCNTb2NrczU=

━━ ss 16/16 ━━━━━━━━━━━━━━━━━━━━━━━━━━━━━━━━━━━━━━━━━━━━━━━━
· ss:2022-blake3
c3M6Ly8yMDIyLWJsYWtlMy1hZXMtMjU2LWdjbTpHc1VFRURXMGxYT2dPd2pQR21uSjJnc0NaM1h4VE5hU1RLWk9LaEJMVElZJTNEQGV4YW1wbGUuY29tOjQ0MyNTUyUyMDIwMjI=

· ss:aes-256-gcm
c3M6Ly9ZV1Z6TFRJMU5pMW5ZMjA2Y0dGemMzZHZjbVE9QGV4YW1wbGUuY29tOjQ0MyNISyUyME5vZGU=

· ss:base64-uri-list
c3M6Ly9ZV1Z6TFRJMU5pMW5ZMjA2Y0dGemMzZHZjbVE9QGI2NC5leGFtcGxlLmNvbTo0NDMjQjY0JTIwU1M=

· ss:canonical-json
c3M6Ly9ZV1Z6TFRJMU5pMW5ZMjA2Y0dGemN3PT1AY2ouZXhhbXBsZS5jb206NDQzI0Nhbm9uaWNhbCUyMFNT

· ss:egern-yaml
c3M6Ly9ZV1Z6TFRJMU5pMW5ZMjA2Y0dGemN3PT1AZWcuZXhhbXBsZS5jb206NDQzI0VnZXJuJTIwU1M=

· ss:loon-line
c3M6Ly9ZV1Z6TFRJMU5pMW5ZMjA2Y0dGemN3PT1AbG4uZXhhbXBsZS5jb206NDQzI0xvb24lMjBTUw==

· ss:mihomo-yaml
c3M6Ly9ZV1Z6TFRJMU5pMW5ZMjA2Y0dGemMzZHZjbVE9QGV4YW1wbGUuY29tOjQ0MyNZQU1MJTIwU1M=

· ss:plugin-obfs
c3M6Ly9ZV1Z6TFRJMU5pMW5ZMjA2Y0dGemMzZHZjbVE9QGV4YW1wbGUuY29tOjQ0Mz9wbHVnaW49c2ltcGxlLW9iZnMlM0JvYmZzJTNEaHR0cCUzQm9iZnMtaG9zdCUzRGNkbi5leGFtcGxlLmNvbSNTUyUyME9CRlM=

· ss:plugin-obfs-uri
c3M6Ly9ZV1Z6TFRJMU5pMW5ZMjA2Y0dGemMzZHZjbVE9QGV4YW1wbGUuY29tOjQ0Mz9wbHVnaW49c2ltcGxlLW9iZnMlM0JvYmZzJTNEaHR0cCUzQm9iZnMtaG9zdCUzRGNkbi5leGFtcGxlLmNvbSUzQm9iZnMtdXJpJTNEJTJGcGF0aCNTUyUyME9CRlMlMjBVUkk=

· ss:plugin-v2ray
c3M6Ly9ZV1Z6TFRJMU5pMW5ZMjA2Y0dGemMzZHZjbVE9QGV4YW1wbGUuY29tOjQ0Mz9wbHVnaW49djJyYXktcGx1Z2luJTNCb2JmcyUzRHdlYnNvY2tldCUzQm1vZGUlM0R3ZWJzb2NrZXQlM0JvYmZzLWhvc3QlM0RjZG4uZXhhbXBsZS5jb20lM0Job3N0JTNEY2RuLmV4YW1wbGUuY29tJTNCcGF0aCUzRCUyRndzJTNCdGxzI1NTJTIwVjJSYXk=

· ss:quantumult-x-line
c3M6Ly9ZV1Z6TFRJMU5pMW5ZMjA2Y0dGemN3PT1AcXguZXhhbXBsZS5jb206NDQzI1FYJTIwU1M=

· ss:shadow-tls
c3M6Ly9ZV1Z6TFRJMU5pMW5ZMjA2Y0dGemMzZHZjbVE9QGV4YW1wbGUuY29tOjQ0Mz9wbHVnaW49c2hhZG93LXRscyUzQmhvc3QlM0RjZG4uZXhhbXBsZS5jb20lM0JwYXNzd29yZCUzRHNlY3JldCUzQnZlcnNpb24lM0QzI1NTJTIwU2hhZG93VExT

· ss:ssd-airport
c3M6Ly9ZV1Z6TFRJMU5pMW5ZMjA2WVdseWNHOXlkQzF3WVhOekBzc2QxLmV4YW1wbGUuY29tOjQ0Mz9wbHVnaW49c2ltcGxlLW9iZnMlM0JvYmZzJTNEaHR0cCUzQm9iZnMtaG9zdCUzRGNkbi5leGFtcGxlLmNvbSNTU0QlMjBISw==

· ss:surge-config-section
c3M6Ly9ZMmhoWTJoaE1qQXRhV1YwWmkxd2IyeDVNVE13TlRwd1lYTnpAc2VjLmV4YW1wbGUuY29tOjQ0MyNTZWN0aW9uJTIwU1MKc3M6Ly9ZV1Z6TFRJMU5pMW5ZMjA2Y0dGemN6ST1Ac2VjLmV4YW1wbGUuY29tOjg0NDMjU2VjdGlvbiUyMFNTJTIwMg==

· ss:surge-line
c3M6Ly9ZV1Z6TFRJMU5pMW5ZMjA2Y0dGemN3PT1Ac2cuZXhhbXBsZS5jb206NDQzI1N1cmdlJTIwU1M=

━━ ssh — not carried ━━━━━━━━━━━━━━━━━━━━━━━━━━━━━━━━━━━━━━━

━━ ssr 1/1 ━━━━━━━━━━━━━━━━━━━━━━━━━━━━━━━━━━━━━━━━━━━━━━━━━
· ssr:uri
c3NyOi8vYzNOeUxtVjRZVzF3YkdVdVkyOXRPamd6T0RnNllYVjBhRjloWlhNeE1qaGZiV1ExT21GbGN5MHlOVFl0WTJaaU9uUnNjekV1TWw5MGFXTnJaWFJmWVhWMGFEcGpSMFo2WXpOa2RtTnRVUzhfY21WdFlYSnJjejFWTVU1VFNVVTFkbHBIVlNad2NtOTBiM0JoY21GdFBVNXFVU1p2WW1aemNHRnlZVzA5V1RKU2RVeHRWalJaVnpGM1lrZFZkVmt5T1hR

━━ trojan 6/6 ━━━━━━━━━━━━━━━━━━━━━━━━━━━━━━━━━━━━━━━━━━━━━━
· trojan:grpc-tls
dHJvamFuOi8vcGFzc3dvcmRAZXhhbXBsZS5jb206NDQzP3R5cGU9Z3JwYyZzbmk9ZXhhbXBsZS5jb20mc2VydmljZU5hbWU9ZWRnZSZtb2RlPWd1biNUcm9qYW4lMjBnUlBD

· trojan:httpupgrade
dHJvamFuOi8vc2VjcmV0QHVwZ3JhZGUuZXhhbXBsZS5jb206NDQzP3R5cGU9aHR0cHVwZ3JhZGUmc25pPWNkbi5leGFtcGxlLmNvbSZob3N0PWNkbi5leGFtcGxlLmNvbSZwYXRoPSUyRnVwZ3JhZGUlM0ZlZCUzRDEwMjQmZWg9WC1FYXJseS1EYXRhI1VwZ3JhZGU=

· trojan:no-udp
dHJvamFuOi8vcGFzc3dvcmRAZXhhbXBsZS5jb206NDQzP3R5cGU9dGNwJnNuaT1leGFtcGxlLmNvbSZhbGxvd0luc2VjdXJlPTEjVHJvamFuJTIwTm9VRFA=

· trojan:tcp-tls
dHJvamFuOi8vcGFzc3dvcmRAZXhhbXBsZS5jb206NDQzP3R5cGU9dGNwJnNuaT1leGFtcGxlLmNvbSNUcm9qYW4=

· trojan:ws-tls
dHJvamFuOi8vcGFzc3dvcmRAZXhhbXBsZS5jb206NDQzP3R5cGU9d3Mmc25pPWV4YW1wbGUuY29tJmhvc3Q9Y2RuLmV4YW1wbGUuY29tJnBhdGg9JTJGd3MjVHJvamFuJTIwV1M=

· trojan:xray-json-httpupgrade
dHJvamFuOi8vc2VjcmV0QHhyYXkuZXhhbXBsZS5jb206NDQzP3R5cGU9aHR0cHVwZ3JhZGUmc25pPWNkbi5leGFtcGxlLmNvbSZob3N0PWNkbi5leGFtcGxlLmNvbSZwYXRoPSUyRnVwZ3JhZGUlM0ZlZCUzRDUxMiZlaD1YLUVhcmx5LURhdGEjWHJheSUyMFVwZ3JhZGU=

━━ tuic 3/3 ━━━━━━━━━━━━━━━━━━━━━━━━━━━━━━━━━━━━━━━━━━━━━━━━
· tuic:v4
dHVpYzovL3R1aWMtdjQtdG9rZW46QHQ0LmV4YW1wbGUuY29tOjQ0Mz9zbmk9dDQuZXhhbXBsZS5jb20mY29uZ2VzdGlvbl9jb250cm9sPWJiciZhbHBuPWgzJnVkcD10cnVlI1RVSUMlMjB2NA==

· tuic:v5
dHVpYzovLzAxODkwZDRlLTdkOGQtN2QwYy05OGZiLTEyMzQ1Njc4OWFiYzpwYXNzd29yZEBleGFtcGxlLmNvbTo0NDM/c25pPWV4YW1wbGUuY29tJmNvbmdlc3Rpb25fY29udHJvbD1iYnImYWxwbj1oMyZ1ZHBfcmVsYXlfbW9kZT1uYXRpdmUmdWRwPXRydWUjVFVJQw==

· tuic:surge-line-v4
dHVpYzovL2xpbmUtdG9rZW46QHRsLmV4YW1wbGUuY29tOjQ0Mz9zbmk9dGwuZXhhbXBsZS5jb20mYWxwbj1oMyZ1ZHA9dHJ1ZSNUVUlDJTIwTGluZQ==

━━ vless 8/8 ━━━━━━━━━━━━━━━━━━━━━━━━━━━━━━━━━━━━━━━━━━━━━━━
· vless:grpc-multi
dmxlc3M6Ly8wMTg5MGQ0ZS03ZDhkLTdkMGMtOThmYi0xMjM0NTY3ODlhYmNAZXhhbXBsZS5jb206NDQzP3NlY3VyaXR5PXRscyZlbmNyeXB0aW9uPW5vbmUmdHlwZT1ncnBjJnNuaT1leGFtcGxlLmNvbSZzZXJ2aWNlTmFtZT1lZGdlJm1vZGU9bXVsdGkjVkxFU1MlMjBnUlBDJTIwTXVsdGk=

· vless:reality-grpc
dmxlc3M6Ly8wMTg5MGQ0ZS03ZDhkLTdkMGMtOThmYi0xMjM0NTY3ODlhYmNAZXhhbXBsZS5jb206NDQzP3NlY3VyaXR5PXJlYWxpdHkmZW5jcnlwdGlvbj1ub25lJnR5cGU9Z3JwYyZzbmk9d3d3LmV4YW1wbGUuY29tJmZwPWNocm9tZSZzZXJ2aWNlTmFtZT1ncnBjJm1vZGU9Z3VuJnBiaz1wdWJsaWMta2V5JnNpZD0xMmFiI1ZMRVNTJTIwUmVhbGl0eQ==

· vless:reality-tcp
dmxlc3M6Ly8wMTg5MGQ0ZS03ZDhkLTdkMGMtOThmYi0xMjM0NTY3ODlhYmNAZXhhbXBsZS5jb206NDQzP3NlY3VyaXR5PXJlYWxpdHkmZW5jcnlwdGlvbj1ub25lJnR5cGU9dGNwJnNuaT13d3cuZXhhbXBsZS5jb20mZnA9Y2hyb21lJnBiaz1wdWJsaWMta2V5JnNpZD0xMmFiI1ZMRVNTJTIwUmVhbGl0eSUyMFRDUA==

· vless:sing-box-json-reality-grpc
dmxlc3M6Ly8wMTg5MGQ0ZS03ZDhkLTdkMGMtOThmYi0xMjM0NTY3ODlhYmNAZ3JwYy5leGFtcGxlLmNvbTo0NDM/c2VjdXJpdHk9cmVhbGl0eSZ0eXBlPWdycGMmc25pPXd3dy5leGFtcGxlLmNvbSZmcD1jaHJvbWUmc2VydmljZU5hbWU9ZWRnZSZtb2RlPWd1biZwYms9cHVibGljLWtleSZzaWQ9MTJhYiNSZWFsaXR5JTIwZ1JQQw==

· vless:vision-tcp
dmxlc3M6Ly8wMTg5MGQ0ZS03ZDhkLTdkMGMtOThmYi0xMjM0NTY3ODlhYmNAZXhhbXBsZS5jb206NDQzP3NlY3VyaXR5PXRscyZlbmNyeXB0aW9uPW5vbmUmdHlwZT10Y3Amc25pPWV4YW1wbGUuY29tJmZsb3c9eHRscy1ycHJ4LXZpc2lvbiNWTEVTUyUyMFZpc2lvbg==

· vless:ws-alpn-fingerprint
dmxlc3M6Ly8wMTg5MGQ0ZS03ZDhkLTdkMGMtOThmYi0xMjM0NTY3ODlhYmNAZXhhbXBsZS5jb206NDQzP3NlY3VyaXR5PXRscyZlbmNyeXB0aW9uPW5vbmUmdHlwZT13cyZzbmk9ZXhhbXBsZS5jb20mZnA9Y2hyb21lJmFscG49aDIlMkNodHRwJTJGMS4xJmhvc3Q9Y2RuLmV4YW1wbGUuY29tJnBhdGg9JTJGd3MjVkxFU1MlMjBBTFBO

· vless:ws-tls
dmxlc3M6Ly8wMTg5MGQ0ZS03ZDhkLTdkMGMtOThmYi0xMjM0NTY3ODlhYmNAZXhhbXBsZS5jb206NDQzP3NlY3VyaXR5PXRscyZlbmNyeXB0aW9uPW5vbmUmdHlwZT13cyZzbmk9ZXhhbXBsZS5jb20maG9zdD1jZG4uZXhhbXBsZS5jb20mcGF0aD0lMkZ3cyNWTEVTUyUyMFdT

· vless:xhttp-reality
dmxlc3M6Ly8wMTg5MGQ0ZS03ZDhkLTdkMGMtOThmYi0xMjM0NTY3ODlhYmNAZXhhbXBsZS5jb206NDQzP3NlY3VyaXR5PXJlYWxpdHkmdHlwZT14aHR0cCZzbmk9d3d3LmV4YW1wbGUuY29tJmZwPWNocm9tZSZob3N0PWNkbi5leGFtcGxlLmNvbSZwYXRoPSUyRnNwbGl0Jm1vZGU9YXV0byZwYms9cHVibGljLWtleSZzaWQ9MTJhYiNWTEVTUyUyMFhIVFRQ

━━ vmess 7/7 ━━━━━━━━━━━━━━━━━━━━━━━━━━━━━━━━━━━━━━━━━━━━━━━
· vmess:grpc-tls
dm1lc3M6Ly9leUoySWpvaU1pSXNJbkJ6SWpvaVZrMWxjM01nWjFKUVF5SXNJbUZrWkNJNkltVjRZVzF3YkdVdVkyOXRJaXdpY0c5eWRDSTZJalEwTXlJc0ltbGtJam9pTURFNE9UQmtOR1V0TjJRNFpDMDNaREJqTFRrNFptSXRNVEl6TkRVMk56ZzVZV0pqSWl3aVlXbGtJam9pTUNJc0luTmplU0k2SW1GMWRHOGlMQ0p1WlhRaU9pSm5jbkJqSWl3aWRIbHdaU0k2SW1kMWJpSXNJbkJoZEdnaU9pSm5jbkJqYzNaaklpd2lkR3h6SWpvaWRHeHpJaXdpYzI1cElqb2laWGhoYlhCc1pTNWpiMjBpZlE9PQ==

· vmess:h2-tls
dm1lc3M6Ly9leUoySWpvaU1pSXNJbkJ6SWpvaVZrMWxjM01nU0RJaUxDSmhaR1FpT2lKbGVHRnRjR3hsTG1OdmJTSXNJbkJ2Y25RaU9pSTBORE1pTENKcFpDSTZJakF4T0Rrd1pEUmxMVGRrT0dRdE4yUXdZeTA1T0daaUxURXlNelExTmpjNE9XRmlZeUlzSW1GcFpDSTZJakFpTENKelkza2lPaUpoZFhSdklpd2libVYwSWpvaWFESWlMQ0pvYjNOMElqb2lZMlJ1TG1WNFlXMXdiR1V1WTI5dElpd2ljR0YwYUNJNklpOW9NaUlzSW5Sc2N5STZJblJzY3lJc0luTnVhU0k2SW1WNFlXMXdiR1V1WTI5dEluMD0=

· vmess:http-tcp
dm1lc3M6Ly9leUoySWpvaU1pSXNJbkJ6SWpvaVZrMWxjM01nU0ZSVVVDSXNJbUZrWkNJNkltVjRZVzF3YkdVdVkyOXRJaXdpY0c5eWRDSTZJamd3SWl3aWFXUWlPaUl3TVRnNU1HUTBaUzAzWkRoa0xUZGtNR010T1RobVlpMHhNak0wTlRZM09EbGhZbU1pTENKaGFXUWlPaUl3SWl3aWMyTjVJam9pWVhWMGJ5SXNJbTVsZENJNkluUmpjQ0lzSW5SNWNHVWlPaUpvZEhSd0lpd2lhRzl6ZENJNkltTmtiaTVsZUdGdGNHeGxMbU52YlNJc0luQmhkR2dpT2lJdmFIUjBjQ0lzSW5Sc2N5STZJaUo5

· vmess:tcp
dm1lc3M6Ly9leUoySWpvaU1pSXNJbkJ6SWpvaVZrMWxjM01nVkVOUUlpd2lZV1JrSWpvaVpYaGhiWEJzWlM1amIyMGlMQ0p3YjNKMElqb2lPREFpTENKcFpDSTZJakF4T0Rrd1pEUmxMVGRrT0dRdE4yUXdZeTA1T0daaUxURXlNelExTmpjNE9XRmlZeUlzSW1GcFpDSTZJakFpTENKelkza2lPaUpoZFhSdklpd2libVYwSWpvaWRHTndJaXdpZEd4eklqb2lJbjA9

· vmess:v2ray-json-ws
dm1lc3M6Ly9leUoySWpvaU1pSXNJbkJ6SWpvaVRHVm5ZV041SUZaTlpYTnpJaXdpWVdSa0lqb2liR1ZuWVdONUxtVjRZVzF3YkdVdVkyOXRJaXdpY0c5eWRDSTZJalEwTXlJc0ltbGtJam9pTURFNE9UQmtOR1V0TjJRNFpDMDNaREJqTFRrNFptSXRNVEl6TkRVMk56ZzVZV0pqSWl3aVlXbGtJam9pTUNJc0luTmplU0k2SW1GMWRHOGlMQ0p1WlhRaU9pSjNjeUlzSW1odmMzUWlPaUpqWkc0dVpYaGhiWEJzWlM1amIyMGlMQ0p3WVhSb0lqb2lMM2R6UDJWa1BUSTFOaUlzSW5Sc2N5STZJblJzY3lJc0luTnVhU0k2SW1Oa2JpNWxlR0Z0Y0d4bExtTnZiU0o5

· vmess:ws-early-data
dm1lc3M6Ly9leUoySWpvaU1pSXNJbkJ6SWpvaVZrMWxjM01nVjFNZ1JVUWlMQ0poWkdRaU9pSjJiV1Z6Y3k1bGVHRnRjR3hsTG1OdmJTSXNJbkJ2Y25RaU9pSTBORE1pTENKcFpDSTZJakF4T0Rrd1pEUmxMVGRrT0dRdE4yUXdZeTA1T0daaUxURXlNelExTmpjNE9XRmlZeUlzSW1GcFpDSTZJakFpTENKelkza2lPaUpoZFhSdklpd2libVYwSWpvaWQzTWlMQ0pvYjNOMElqb2lZMlJ1TG1WNFlXMXdiR1V1WTI5dElpd2ljR0YwYUNJNklpOXpiMk5yWlhRL1pXUTlNakEwT0NJc0ltVm9Jam9pVTJWakxWZGxZbE52WTJ0bGRDMVFjbTkwYjJOdmJDSXNJblJzY3lJNkluUnNjeUlzSW5OdWFTSTZJbU5rYmk1bGVHRnRjR3hsTG1OdmJTSjk=

· vmess:ws-tls
dm1lc3M6Ly9leUoySWpvaU1pSXNJbkJ6SWpvaVZrMWxjM01nVjFNaUxDSmhaR1FpT2lKbGVHRnRjR3hsTG1OdmJTSXNJbkJ2Y25RaU9pSTBORE1pTENKcFpDSTZJakF4T0Rrd1pEUmxMVGRrT0dRdE4yUXdZeTA1T0daaUxURXlNelExTmpjNE9XRmlZeUlzSW1GcFpDSTZJakFpTENKelkza2lPaUpoZFhSdklpd2libVYwSWpvaWQzTWlMQ0pvYjNOMElqb2lZMlJ1TG1WNFlXMXdiR1V1WTI5dElpd2ljR0YwYUNJNklpOTNjeUlzSW5Sc2N5STZJblJzY3lJc0luTnVhU0k2SW1Oa2JpNWxlR0Z0Y0d4bExtTnZiU0o5

━━ wireguard 2/2 ━━━━━━━━━━━━━━━━━━━━━━━━━━━━━━━━━━━━━━━━━━━
· wireguard:clash-yaml
d2lyZWd1YXJkOi8vY0hKcGRtRjBaUzFyWlhrJTNEQHdnLmV4YW1wbGUuY29tOjUxODIwP3B1YmxpY2tleT1jSFZpYkdsakxXdGxlUSUzRCUzRCZhZGRyZXNzPTEwLjAuMC4yJTJGMjQlMkNmZDAwJTNBJTNBMiUyRjY0JnVkcD0xI1dpcmVHdWFyZA==

· wireguard:uri
d2lyZWd1YXJkOi8vY0hKcGRtRjBaUzFyWlhrJTNEQGV4YW1wbGUuY29tOjUxODIwP3B1YmxpY2tleT1jSFZpYkdsakxXdGxlUSUzRCUzRCZhZGRyZXNzPTEwLjAuMC4yJTJGMzImbXR1PTE0MjAmdWRwPTEjV2lyZUd1YXJk
